  Logger.cpp
  StringUtils.cpp
  Memory.cpp
  PatternScanner.cpp
  Camera.cpp
  DllMain.cpp
  HookManager.cpp
  D3D9Hook.cpp
  D3D11Hook.cpp
  WndProcHook.cpp
  GameOffsets.cpp
  EntityManager.cpp
  SkillManager.cpp
  GroundItemManager.cpp
  QuickSlotManager.cpp
  QuestManager.cpp
  NavigationManager.cpp
  BuffManager.cpp
  RiskCalculator.cpp
  Renderer.cpp
  Compiling...
  Menu.cpp
  imgui.cpp
  imgui_draw.cpp
  imgui_tables.cpp
  imgui_widgets.cpp
  imgui_impl_win32.cpp
  imgui_impl_dx9.cpp
  imgui_impl_dx11.cpp
  Generating code
  7 of 1944 functions ( 0.4%) were compiled, the rest were copied from previous compilation.
    0 functions were new in current compilation
    50 functions had inline decision re-evaluated but remain unchanged
  Finished generating code
  ShaiyaOverlay.vcxproj -> G:\Games\Shaiya\default\game\ShaiyaOverlay\Bin\Release\ShaiyaOverlay.dll
